{"type":"server-started","port":58732,"host":"127.0.0.1","url_host":"localhost","url":"http://localhost:58732","screen_dir":"C:\\Users\\visha\\Downloads\\Leaderboard/.superpowers/brainstorm/462-1773147397"}
{"type":"screen-added","file":"C:\\Users\\visha\\Downloads\\Leaderboard\\.superpowers\\brainstorm\\462-1773147397\\nebula-vibe.html"}
{"source":"user-event","type":"click","text":"Cohort 7\n    \n    \n      A — Elegant Void\n      Sparse stars, subtle corner nebula wisps. Premium, mysterious, restrained. Orange as accent only.","choice":"a","id":null,"timestamp":1773148511611}
{"source":"user-event","type":"click","text":"Cohort 7\n    \n    \n      A — Elegant Void\n      Sparse stars, subtle corner nebula wisps. Premium, mysterious, restrained. Orange as accent only.","choice":"a","id":null,"timestamp":1773148512868}
{"source":"user-event","type":"click","text":"C6\n      #1\n    \n    \n      B — Nebula Burst\n      Bold orange gas clouds at center, dense starfield. Dramatic, energetic, competitive. Orange dominates.","choice":"b","id":null,"timestamp":1773148514246}
{"source":"user-event","type":"click","text":"C — Galactic Core\n      Orange horizon glow rising from below, stars above. Epic, cinematic, like a planet surface. Directional energy.","choice":"c","id":null,"timestamp":1773148515028}
{"source":"user-event","type":"click","text":"Cohort 7\n    \n    \n      A — Elegant Void\n      Sparse stars, subtle corner nebula wisps. Premium, mysterious, restrained. Orange as accent only.","choice":"a","id":null,"timestamp":1773148516893}
{"source":"user-event","type":"click","text":"C6\n      #1\n    \n    \n      B — Nebula Burst\n      Bold orange gas clouds at center, dense starfield. Dramatic, energetic, competitive. Orange dominates.","choice":"b","id":null,"timestamp":1773148526788}
{"source":"user-event","type":"click","text":"C6\n      #1\n    \n    \n      B — Nebula Burst\n      Bold orange gas clouds at center, dense starfield. Dramatic, energetic, competitive. Orange dominates.","choice":"b","id":null,"timestamp":1773148527422}
{"source":"user-event","type":"click","text":"C6\n      #1\n    \n    \n      B — Nebula Burst\n      Bold orange gas clouds at center, dense starfield. Dramatic, energetic, competitive. Orange dominates.","choice":"b","id":null,"timestamp":1773148527617}
{"source":"user-event","type":"click","text":"C6\n      #1\n    \n    \n      B — Nebula Burst\n      Bold orange gas clouds at center, dense starfield. Dramatic, energetic, competitive. Orange dominates.","choice":"b","id":null,"timestamp":1773148528916}
{"source":"user-event","type":"click","text":"C6\n      #1\n    \n    \n      B — Nebula Burst\n      Bold orange gas clouds at center, dense starfield. Dramatic, energetic, competitive. Orange dominates.","choice":"b","id":null,"timestamp":1773148529499}
{"source":"user-event","type":"click","text":"C6\n      #1\n    \n    \n      B — Nebula Burst\n      Bold orange gas clouds at center, dense starfield. Dramatic, energetic, competitive. Orange dominates.","choice":"b","id":null,"timestamp":1773148529674}
{"source":"user-event","type":"click","text":"C6\n      #1\n    \n    \n      B — Nebula Burst\n      Bold orange gas clouds at center, dense starfield. Dramatic, energetic, competitive. Orange dominates.","choice":"b","id":null,"timestamp":1773148529864}
{"source":"user-event","type":"click","text":"C6\n      #1\n    \n    \n      B — Nebula Burst\n      Bold orange gas clouds at center, dense starfield. Dramatic, energetic, competitive. Orange dominates.","choice":"b","id":null,"timestamp":1773148530036}
{"source":"user-event","type":"click","text":"C6\n      #1\n    \n    \n      B — Nebula Burst\n      Bold orange gas clouds at center, dense starfield. Dramatic, energetic, competitive. Orange dominates.","choice":"b","id":null,"timestamp":1773148530220}
{"source":"user-event","type":"click","text":"C6\n      #1\n    \n    \n      B — Nebula Burst\n      Bold orange gas clouds at center, dense starfield. Dramatic, energetic, competitive. Orange dominates.","choice":"b","id":null,"timestamp":1773148531252}
{"source":"user-event","type":"click","text":"C6\n      #1\n    \n    \n      B — Nebula Burst\n      Bold orange gas clouds at center, dense starfield. Dramatic, energetic, competitive. Orange dominates.","choice":"b","id":null,"timestamp":1773148532637}
{"source":"user-event","type":"click","text":"C6\n      #1\n    \n    \n      B — Nebula Burst\n      Bold orange gas clouds at center, dense starfield. Dramatic, energetic, competitive. Orange dominates.","choice":"b","id":null,"timestamp":1773148535082}
{"source":"user-event","type":"click","text":"C6\n      #1\n    \n    \n      B — Nebula Burst\n      Bold orange gas clouds at center, dense starfield. Dramatic, energetic, competitive. Orange dominates.","choice":"b","id":null,"timestamp":1773148536924}
{"source":"user-event","type":"click","text":"C — Galactic Core\n      Orange horizon glow rising from below, stars above. Epic, cinematic, like a planet surface. Directional energy.","choice":"c","id":null,"timestamp":1773148540178}
{"source":"user-event","type":"click","text":"C — Galactic Core\n      Orange horizon glow rising from below, stars above. Epic, cinematic, like a planet surface. Directional energy.","choice":"c","id":null,"timestamp":1773148542861}
{"source":"user-event","type":"click","text":"C — Galactic Core\n      Orange horizon glow rising from below, stars above. Epic, cinematic, like a planet surface. Directional energy.","choice":"c","id":null,"timestamp":1773148543036}
{"type":"screen-added","file":"C:\\Users\\visha\\Downloads\\Leaderboard\\.superpowers\\brainstorm\\462-1773147397\\nebula-realistic.html"}
{"source":"user-event","type":"click","text":"SELECTED\n    \n      Option D\n      Milky Way Band\n      Galactic core view. Diagonal orange-amber band with dark dust lane cutting through. Editorial, sweeping, cinematic.","choice":"d","id":null,"timestamp":1773150807732}
{"source":"user-event","type":"click","text":"SELECTED\n    \n      Option A\n      Pillars of Creation\n      Eagle Nebula ref. Orange gas columns rising from darkness. Structural, dramatic, vertical energy.","choice":"a","id":null,"timestamp":1773150820172}
{"source":"user-event","type":"click","text":"SELECTED\n    \n      Option A\n      Pillars of Creation\n      Eagle Nebula ref. Orange gas columns rising from darkness. Structural, dramatic, vertical energy.","choice":"a","id":null,"timestamp":1773150820885}
{"source":"user-event","type":"click","text":"SELECTED\n    \n      Option A\n      Pillars of Creation\n      Eagle Nebula ref. Orange gas columns rising from darkness. Structural, dramatic, vertical energy.","choice":"a","id":null,"timestamp":1773150821064}
{"source":"user-event","type":"click","text":"SELECTED\n    \n      Option A\n      Pillars of Creation\n      Eagle Nebula ref. Orange gas columns rising from darkness. Structural, dramatic, vertical energy.","choice":"a","id":null,"timestamp":1773150822021}
{"source":"user-event","type":"click","text":"SELECTED\n    \n      Option C\n      Crab Nebula\n      Supernova remnant. Orange filament web expanding from white-hot center. Explosive, radiant, complex texture.","choice":"c","id":null,"timestamp":1773150851713}
{"type":"screen-added","file":"C:\\Users\\visha\\Downloads\\Leaderboard\\.superpowers\\brainstorm\\462-1773147397\\nebula-v3.html"}
{"type":"screen-added","file":"C:\\Users\\visha\\Downloads\\Leaderboard\\.superpowers\\brainstorm\\462-1773147397\\shopify-layout.html"}
{"type":"screen-added","file":"C:\\Users\\visha\\Downloads\\Leaderboard\\.superpowers\\brainstorm\\462-1773147397\\renaissance-direction.html"}
